Script started on Wed 19 Nov 2014 02:02:53 PM PST
~
dpham008@hammer $ cs[Ks100
[0;91m
===============================================================================
|                                                                             |
| You have enabled settings specific for cs100.                               |
|                                                                             |
===============================================================================
[0m
[s%%%%%%%%%%[u[0;32mdpham008[0;36m@[0;32mcs100[0;36m:[0;32m~[0;95m [0;36m$[0m cd cs100[K0/rshell
[s%%%%%%%%%%[u[0;32mdpham008[0;36m@[0;32mcs100[0;36m:[0;32m~/cs100/rshell[0;95m (redirect) [0;36m$[0m make
if [ ! -d "./bin" ];\
	then mkdir bin;\
	fi
g++ -Wall -Werror -ansi -pedantic src/main.cpp -o bin/rshell
g++ -Wall -Werror -ansi -pedantic src/cp.cpp -o bin/cp
g++ -Wall -Werror -ansi -pedantic src/ls.cpp -o bin/ls
[s%%%%%%%%%%[u[0;32mdpham008[0;36m@[0;32mcs100[0;36m:[0;32m~/cs100/rshell[0;95m (redirect) [0;36m$[0m bin/ls [K[K[Krshell
$ ls -a     #ti esting input redirection
$ ls
bin  errors  file  file2  file3  file4	LICENSE  Makefile  README.md  src  tester.cpp  tests
$ ca  t < file
/home/csmajs/dpham008/cs100/rshell
bin
errors
file
file2
file3
file4
LICENSE
Makefile
README.md
src
tester.cpp
tests
$ cat <  <ca  file
/home/csmajs/dpham008/cs100/rshell
bin
errors
file
file2
file3
file4
LICENSE
Makefile
README.md
src
tester.cpp
tests
$ cat <       file
/home/csmajs/dpham008/cs100/rshell
bin
errors
file
file2
file3
file4
LICENSE
Makefile
README.md
src
tester.cpp
tests
$ #spaces do not affect it
$ cat < file2
/home/csmajs/dpham008/cs100/rshell
$ ls < file2
bin  errors  file  file2  file3  file4	LICENSE  Makefile  README.md  src  tester.cpp  tests
$ cat file    <file2
/home/csmajs/dpham008/cs100/rshell
$ #redirection does nothing with ls
$ # #r  pwd < file
/home/csmajs/dpham008/cs100/rshell
$ cat <file
/home/csmajs/dpham008/cs100/rshell
bin
errors
file
file2
file3
file4
LICENSE
Makefile
README.md
src
tester.cpp
tests
$ #testing output redirection
$ cat < file
/home/csmajs/dpham008/cs100/rshell
bin
errors
file
file2
file3
file4
LICENSE
Makefile
README.md
src
tester.cpp
tests
$ ls  pwd > file
$ cat < file
/home/csmajs/dpham008/cs100/rshell
$ p ls -a <   > file
$ cat < file
.
..
bin
errors
file
file2
file3
file4
.git
LICENSE
Makefile
README.md
src
tester.cpp
tests
$ echo hello, im in file <   > file
$ cat < file
hello, im in file
$ tes   #tes    #testing hello     input and output redirection together
$ cat < > file > file2
$ cat < file
hello, im in file
$ cat file    <file2
hello, im in file
$ ca  ls < file > file2
$ cat <file
hello, im in file
$ cat <file2
bin
errors
file
file2
file3
file4
LICENSE
Makefile
README.md
src
tester.cpp
tests
$ l pwd >   < file > file2
$ cat fi  <file
hello, im in file
$ 
$ cat <file2
/home/csmajs/dpham008/cs100/rshell
$ ls  pwd > file < file2
$ cat f , <file2 
/home/csmajs/dpham008/cs100/rshell
$ cat <file2
/home/csmajs/dpham008/cs100/rshell
$ ls -a < >file<file2
$ cat <file2
/home/csmajs/dpham008/cs100/rshell
$ cat file    <file
.
..
bin
errors
file
file2
file3
file4
.git
LICENSE
Makefile
README.md
src
tester.cpp
tests
$ #code only         i/o redirection on one lin          on one command only w works with 1 of each
$ #testing piping
$ ls -a | grep  ep .
.
..
bin
errors
file
file2
file3
file4
.git
LICENSE
Makefile
README.md
src
tester.cpp
tests
$ ks  ls -a | grep c
src
tester.cpp
$ ls -a | grep s
errors
src
tester.cpp
tests
$ ls -a | | grep cp
tester.cpp
$ ls -a | grep t
.git
tester.cpp
tests
$ ls -a |    | grep t
tester.cpp
tests
$ ls -a | grp ep g i
bin
file
file2
file3
file4
.git
Makefile
$ l ls -a | ; grep l
file
file2
file3
file4
Makefile
$ ow  pwd | f grep s
/home/csmajs/dpham008/cs100/rshell
$ pwd  |    pwd | grep j k
$ #piping only works with single way pipes and no i/o redirection
$ ls  #testing appendig ng to cou                append out redirection
$ ls  cat < file
.
..
bin
errors
file
file2
file3
file4
.git
LICENSE
Makefile
README.md
src
tester.cpp
tests
$ cat >       pwd > file
$ cat <file
/home/csmajs/dpham008/cs100/rshell
$ ls -a     pwd >> file
$ cat f <file
/home/csmajs/dpham008/cs100/rshell
/home/csmajs/dpham008/cs100/rshell
$ ls >  > file
$ cat <file
/home/csmajs/dpham008/cs100/rshell
/home/csmajs/dpham008/cs100/rshell
bin
errors
file
file2
file3
file4
LICENSE
Makefile
README.md
src
tester.cpp
tests
$ pwd >    > file
$ cat < file
/home/csmajs/dpham008/cs100/rshell
/home/csmajs/dpham008/cs100/rshell
bin
errors
file
file2
file3
file4
LICENSE
Makefile
README.md
src
tester.cpp
tests
/home/csmajs/dpham008/cs100/rshell
$ pwd >> file
$ < cat <<    >   < file
/home/csmajs/dpham008/cs100/rshell
/home/csmajs/dpham008/cs100/rshell
bin
errors
file
file2
file3
file4
LICENSE
Makefile
README.md
src
tester.cpp
tests
/home/csmajs/dpham008/cs100/rshell
/home/csmajs/dpham008/cs100/rshell
$ echo t so mch  uch p appending! >> file
$ cat < file
/home/csmajs/dpham008/cs100/rshell
/home/csmajs/dpham008/cs100/rshell
bin
errors
file
file2
file3
file4
LICENSE
Makefile
README.md
src
tester.cpp
tests
/home/csmajs/dpham008/cs100/rshell
/home/csmajs/dpham008/cs100/rshell
so much appending!
$ p cat file        <file2
/home/csmajs/dpham008/cs100/rshell
$ cat file3   2 >> file
$ cat < file
/home/csmajs/dpham008/cs100/rshell
/home/csmajs/dpham008/cs100/rshell
bin
errors
file
file2
file3
file4
LICENSE
Makefile
README.md
src
tester.cpp
tests
/home/csmajs/dpham008/cs100/rshell
/home/csmajs/dpham008/cs100/rshell
so much appending!
/home/csmajs/dpham008/cs100/rshell
$ #testing EC1
$ cat << "  < : " h echo fo      xtra credit rocks"
  extra credit rocks
$ cat <<< extra credit rocks
 extra credit rocks
$ p cat<<   <<< " doing it for the extra credit
 doing it for the extra credit
$ cat<<   <<< so much         "su o much extra credit i  !"
 so much extra credit!
$ #testing e EC2
$ ls 
bin  errors  file  file2  file3  file4	LICENSE  Makefile  README.md  src  tester.cpp  tests
$ ls 0> file e
bin  errors  file  file2  file3  file4	LICENSE  Makefile  README.md  src  tester.cpp  tests
$ cat file
$ ls -a 1>file
$ cat < if  file
.
..
bin
errors
file
file2
file3
file4
.git
LICENSE
Makefile
README.md
src
tester.cpp
tests
$ ls 1 -2   1 a 2>file
.   bin     file   file3  .git	   Makefile   src	  tests
..  errors  file2  file4  LICENSE  README.md  tester.cpp
$ cat file
$ l pwd 0> file
/home/csmajs/dpham008/cs100/rshell
$ f cat file
$ pwd 1> file
$ cat file
/home/csmajs/dpham008/cs100/rshell
$ pwd 0> file
/home/csmajs/dpham008/cs100/rshell
$ cat file
$ pwd 2 > 1> file
$ cat i file
/home/csmajs/dpham008/cs100/rshell
$ pwd ->  2> file
/home/csmajs/dpham008/cs100/rshell
$ cat file
$ g++ tester.cpp 2> file
$ cat file
tester.cpp: In function â€˜int main()â€™:
tester.cpp:5:5: error: â€˜helloâ€™ was not declared in this scope
     hello!
     ^
tester.cpp:5:10: error: expected â€˜;â€™ before â€˜!â€™ token
     hello!
          ^
$ g++ tester.cpp 2> file
$ cat file
tester.cpp: In function â€˜int main()â€™:
tester.cpp:5:5: error: â€˜helloâ€™ was not declared in this scope
     hello!
     ^
tester.cpp:5:10: error: expected â€˜;â€™ before â€˜!â€™ token
     hello!
          ^
$ #does not           gt++   ++ tester  .cpp   1> file
[01m[Ktester.cpp:[m[K In function â€˜[01m[Kint main()[m[Kâ€™:
[01m[Ktester.cpp:5:5:[m[K [01;31m[Kerror: [m[Kâ€˜[01m[Khello[m[Kâ€™ was not declared in this scope
     hello!
[01;32m[K     ^[m[K
[01m[Ktester.cpp:5:10:[m[K [01;31m[Kerror: [m[Kexpected â€˜[01m[K;[m[Kâ€™ before â€˜[01m[K![m[Kâ€™ token
     hello!
[01;32m[K          ^[m[K
$ cat file
$ # @ #testing Ec C2 with appenders now
$ car   ls -a 0>> file        1>> file
$ cat file
.
..
bin
errors
file
file2
file3
file4
.git
LICENSE
Makefile
README.md
src
tester.cpp
tests
$ ls -a 0>> file
.   bin     file   file3  .git	   Makefile   src	  tests
..  errors  file2  file4  LICENSE  README.md  tester.cpp
$ cat file
.
..
bin
errors
file
file2
file3
file4
.git
LICENSE
Makefile
README.md
src
tester.cpp
tests
$ l pwd 1>> file
$ cat file
.
..
bin
errors
file
file2
file3
file4
.git
LICENSE
Makefile
README.md
src
tester.cpp
tests
/home/csmajs/dpham008/cs100/rshell
$ pwd 0>> file
/home/csmajs/dpham008/cs100/rshell
$ cat file
.
..
bin
errors
file
file2
file3
file4
.git
LICENSE
Makefile
README.md
src
tester.cpp
tests
/home/csmajs/dpham008/cs100/rshell
$ pwd 2>> file
/home/csmajs/dpham008/cs100/rshell
$ cat file
.
..
bin
errors
file
file2
file3
file4
.git
LICENSE
Makefile
README.md
src
tester.cpp
tests
/home/csmajs/dpham008/cs100/rshell
$ p pwd     g++ tester.cpp > 2>> file
$ cat file
.
..
bin
errors
file
file2
file3
file4
.git
LICENSE
Makefile
README.md
src
tester.cpp
tests
/home/csmajs/dpham008/cs100/rshell
tester.cpp: In function â€˜int main()â€™:
tester.cpp:5:5: error: â€˜helloâ€™ was not declared in this scope
     hello!
     ^
tester.cpp:5:10: error: expected â€˜;â€™ before â€˜!â€™ token
     hello!
          ^
$ pwd 1>> file
$ cat file
.
..
bin
errors
file
file2
file3
file4
.git
LICENSE
Makefile
README.md
src
tester.cpp
tests
/home/csmajs/dpham008/cs100/rshell
tester.cpp: In function â€˜int main()â€™:
tester.cpp:5:5: error: â€˜helloâ€™ was not declared in this scope
     hello!
     ^
tester.cpp:5:10: error: expected â€˜;â€™ before â€˜!â€™ token
     hello!
          ^
/home/csmajs/dpham008/cs100/rshell
$ p g++ tester.cpp 2> fi   > file
$ cat file
.
..
bin
errors
file
file2
file3
file4
.git
LICENSE
Makefile
README.md
src
tester.cpp
tests
/home/csmajs/dpham008/cs100/rshell
tester.cpp: In function â€˜int main()â€™:
tester.cpp:5:5: error: â€˜helloâ€™ was not declared in this scope
     hello!
     ^
tester.cpp:5:10: error: expected â€˜;â€™ before â€˜!â€™ token
     hello!
          ^
/home/csmajs/dpham008/cs100/rshell
tester.cpp: In function â€˜int main()â€™:
tester.cpp:5:5: error: â€˜helloâ€™ was not declared in this scope
     hello!
     ^
tester.cpp:5:10: error: expected â€˜;â€™ before â€˜!â€™ token
     hello!
          ^
$ #all done testing!
$ exit
[s%%%%%%%%%%[u[0;32mdpham008[0;36m@[0;32mcs100[0;36m:[0;32m~/cs100/rshell[0;95m (redirect) [0;36m$[0m exit
exit
~
dpham008@hammer $ exit
exit

Script done on Wed 19 Nov 2014 02:20:58 PM PST
